To honour the JVM settings for this build a single-use Daemon process will be forked. For more on this, please refer to https://docs.gradle.org/9.2.1/userguide/gradle_daemon.html#sec:disabling_the_daemon in the Gradle documentation.
Daemon will be stopped at the end of the build 
Calculating task graph as no cached configuration is available for tasks: build
> Task :jarJar NO-SOURCE
> Task :downloadAssets UP-TO-DATE
> Task :processTestResources UP-TO-DATE
> Task :createMinecraftArtifacts UP-TO-DATE
> Task :prepareNeoForgeTestFiles UP-TO-DATE
> Task :generateModMetadata

> Task :validateCastModelGraph
Validated 88 cast item model -> texture chains

> Task :validateLocalModelTextures
Validated 1404 Tinkers/Mantle model files and 1760 local texture references

> Task :validateDynamicLootEntries
Validated 1 serialized TConstruct dynamic tool-part loot entries
WARNING: A terminally deprecated method in sun.misc.Unsafe has been called
WARNING: sun.misc.Unsafe::objectFieldOffset has been called by lombok.permit.Permit
WARNING: Please consider reporting this to the maintainers of class lombok.permit.Permit
WARNING: sun.misc.Unsafe::objectFieldOffset will be removed in a future release

> Task :compileJava
> Task :sourcesJar
> Task :processResources
> Task :classes
> Task :compileTestJava UP-TO-DATE
> Task :testClasses UP-TO-DATE
> Task :jar
> Task :assemble
OpenJDK 64-Bit Server VM warning: Sharing is only supported for boot loader classes because bootstrap classpath has been appended
> Task :test
> Task :check
> Task :build

BUILD SUCCESSFUL in 1m 36s
14 actionable tasks: 9 executed, 5 up-to-date
Configuration cache entry stored.
